[INFO] Scanning for projects...
[INFO] 
[INFO] -------------------< com.homefixer:ms-autenticacion >-------------------
[INFO] Building ms-autenticacion 1.0.0-SNAPSHOT
[INFO]   from pom.xml
[INFO] --------------------------------[ jar ]---------------------------------
[INFO] 
[INFO] >>> spring-boot:3.2.4:run (default-cli) > test-compile @ ms-autenticacion >>>
[INFO] 
[INFO] --- resources:3.3.1:resources (default-resources) @ ms-autenticacion ---
[WARNING] Using platform encoding (UTF-8 actually) to copy filtered resources, i.e. build is platform dependent!
[INFO] Copying 1 resource from src\main\resources to target\classes
[INFO] 
[INFO] --- compiler:3.13.0:compile (default-compile) @ ms-autenticacion ---
[INFO] Nothing to compile - all classes are up to date.
[INFO] 
[INFO] --- resources:3.3.1:testResources (default-testResources) @ ms-autenticacion ---
[WARNING] Using platform encoding (UTF-8 actually) to copy filtered resources, i.e. build is platform dependent!
[INFO] skip non existing resourceDirectory C:\Users\Pc Tester\Desktop\6to\cloud.native\homefixer\ms-autenticacion\src\test\resources
[INFO] 
[INFO] --- compiler:3.13.0:testCompile (default-testCompile) @ ms-autenticacion ---
[INFO] No sources to compile
[INFO] 
[INFO] <<< spring-boot:3.2.4:run (default-cli) < test-compile @ ms-autenticacion <<<
[INFO] 
[INFO] 
[INFO] --- spring-boot:3.2.4:run (default-cli) @ ms-autenticacion ---
[INFO] Attaching agents: []

  .   ____          _            __ _ _
 /\\ / ___'_ __ _ _(_)_ __  __ _ \ \ \ \
( ( )\___ | '_ | '_| | '_ \/ _` | \ \ \ \
 \\/  ___)| |_)| | | | | || (_| |  ) ) ) )
  '  |____| .__|_| |_|_| |_\__, | / / / /
 =========|_|==============|___/=/_/_/_/
 :: Spring Boot ::                (v3.2.4)

2026-09-26T09:17:04.633-03:00  INFO 8148 --- [ms-autenticacion] [           main] c.h.auth.MsAutenticacionApplication      : Starting MsAutenticacionApplication using Java 21.0.12 with PID 8148 (C:\Users\Pc Tester\Desktop\6to\cloud.native\homefixer\ms-autenticacion\target\classes started by drojas in C:\Users\Pc Tester\Desktop\6to\cloud.native\homefixer\ms-autenticacion)
2026-09-26T09:17:04.635-03:00  INFO 8148 --- [ms-autenticacion] [           main] c.h.auth.MsAutenticacionApplication      : No active profile set, falling back to 1 default profile: "default"
2026-09-26T09:17:05.200-03:00  INFO 8148 --- [ms-autenticacion] [           main] o.s.cloud.context.scope.GenericScope     : BeanFactory id=de616d2d-12ec-3c2c-967c-c9cbe8df7132
2026-09-26T09:17:05.229-03:00  WARN 8148 --- [ms-autenticacion] [           main] trationDelegate$BeanPostProcessorChecker : Bean 'org.springframework.cloud.client.loadbalancer.LoadBalancerAutoConfiguration$DeferringLoadBalancerInterceptorConfig' of type [org.springframework.cloud.client.loadbalancer.LoadBalancerAutoConfiguration$DeferringLoadBalancerInterceptorConfig] is not eligible for getting processed by all BeanPostProcessors (for example: not eligible for auto-proxying). The currently created BeanPostProcessor [lbRestClientPostProcessor] is declared through a non-static factory method on that class; consider declaring it as static instead.
2026-09-26T09:17:05.234-03:00  WARN 8148 --- [ms-autenticacion] [           main] trationDelegate$BeanPostProcessorChecker : Bean 'deferringLoadBalancerInterceptor' of type [org.springframework.cloud.client.loadbalancer.DeferringLoadBalancerInterceptor] is not eligible for getting processed by all BeanPostProcessors (for example: not eligible for auto-proxying). Is this bean getting eagerly injected into a currently created BeanPostProcessor [lbRestClientPostProcessor]? Check the corresponding BeanPostProcessor declaration and its dependencies.
2026-09-26T09:17:05.442-03:00  INFO 8148 --- [ms-autenticacion] [           main] o.s.b.w.embedded.tomcat.TomcatWebServer  : Tomcat initialized with port 8083 (http)
2026-09-26T09:17:05.450-03:00  INFO 8148 --- [ms-autenticacion] [           main] o.apache.catalina.core.StandardService   : Starting service [Tomcat]
2026-09-26T09:17:05.450-03:00  INFO 8148 --- [ms-autenticacion] [           main] o.apache.catalina.core.StandardEngine    : Starting Servlet engine: [Apache Tomcat/10.1.19]
2026-09-26T09:17:05.498-03:00  INFO 8148 --- [ms-autenticacion] [           main] o.a.c.c.C.[Tomcat].[localhost].[/]       : Initializing Spring embedded WebApplicationContext
2026-09-26T09:17:05.499-03:00  INFO 8148 --- [ms-autenticacion] [           main] w.s.c.ServletWebServerApplicationContext : Root WebApplicationContext: initialization completed in 820 ms
2026-09-26T09:17:06.070-03:00  INFO 8148 --- [ms-autenticacion] [           main] DiscoveryClientOptionalArgsConfiguration : Eureka HTTP Client uses RestTemplate.
2026-09-26T09:17:06.107-03:00  WARN 8148 --- [ms-autenticacion] [           main] iguration$LoadBalancerCaffeineWarnLogger : Spring Cloud LoadBalancer is currently working with the default cache. While this cache implementation is useful for development and tests, it's recommended to use Caffeine cache in production.You can switch to using Caffeine cache, by adding it and org.springframework.cache.caffeine.CaffeineCacheManager to the classpath.
2026-09-26T09:17:06.122-03:00  INFO 8148 --- [ms-autenticacion] [           main] o.s.c.n.eureka.InstanceInfoFactory       : Setting initial instance status as: STARTING
2026-09-26T09:17:06.192-03:00  INFO 8148 --- [ms-autenticacion] [           main] com.netflix.discovery.DiscoveryClient    : Initializing Eureka in region us-east-1
2026-09-26T09:17:06.195-03:00  INFO 8148 --- [ms-autenticacion] [           main] c.n.d.s.r.aws.ConfigClusterResolver      : Resolving eureka endpoints via configuration
2026-09-26T09:17:06.209-03:00  INFO 8148 --- [ms-autenticacion] [           main] com.netflix.discovery.DiscoveryClient    : Disable delta property : false
2026-09-26T09:17:06.209-03:00  INFO 8148 --- [ms-autenticacion] [           main] com.netflix.discovery.DiscoveryClient    : Single vip registry refresh property : null
2026-09-26T09:17:06.210-03:00  INFO 8148 --- [ms-autenticacion] [           main] com.netflix.discovery.DiscoveryClient    : Force full registry fetch : false
2026-09-26T09:17:06.210-03:00  INFO 8148 --- [ms-autenticacion] [           main] com.netflix.discovery.DiscoveryClient    : Application is null : false
2026-09-26T09:17:06.210-03:00  INFO 8148 --- [ms-autenticacion] [           main] com.netflix.discovery.DiscoveryClient    : Registered Applications size is zero : true
2026-09-26T09:17:06.210-03:00  INFO 8148 --- [ms-autenticacion] [           main] com.netflix.discovery.DiscoveryClient    : Application version is -1: true
2026-09-26T09:17:06.210-03:00  INFO 8148 --- [ms-autenticacion] [           main] com.netflix.discovery.DiscoveryClient    : Getting all instance registry info from the eureka server
2026-09-26T09:17:06.451-03:00  INFO 8148 --- [ms-autenticacion] [           main] com.netflix.discovery.DiscoveryClient    : The response status is 200
2026-09-26T09:17:06.453-03:00  INFO 8148 --- [ms-autenticacion] [           main] com.netflix.discovery.DiscoveryClient    : Starting heartbeat executor: renew interval is: 30
2026-09-26T09:17:06.455-03:00  INFO 8148 --- [ms-autenticacion] [           main] c.n.discovery.InstanceInfoReplicator     : InstanceInfoReplicator onDemand update allowed rate per min is 4
2026-09-26T09:17:06.459-03:00  INFO 8148 --- [ms-autenticacion] [           main] com.netflix.discovery.DiscoveryClient    : Discovery Client initialized at timestamp 1790425026458 with initial instances count: 1
2026-09-26T09:17:06.460-03:00  INFO 8148 --- [ms-autenticacion] [           main] o.s.c.n.e.s.EurekaServiceRegistry        : Registering application MS-AUTENTICACION with eureka with status UP
2026-09-26T09:17:06.460-03:00  INFO 8148 --- [ms-autenticacion] [           main] com.netflix.discovery.DiscoveryClient    : Saw local status change event StatusChangeEvent [timestamp=1790425026460, current=UP, previous=STARTING]
2026-09-26T09:17:06.461-03:00  INFO 8148 --- [ms-autenticacion] [nfoReplicator-0] com.netflix.discovery.DiscoveryClient    : DiscoveryClient_MS-AUTENTICACION/DROJAS.localdomain:ms-autenticacion:8083: registering service...
2026-09-26T09:17:06.475-03:00  INFO 8148 --- [ms-autenticacion] [           main] o.s.b.w.embedded.tomcat.TomcatWebServer  : Tomcat started on port 8083 (http) with context path ''
2026-09-26T09:17:06.476-03:00  INFO 8148 --- [ms-autenticacion] [           main] .s.c.n.e.s.EurekaAutoServiceRegistration : Updating port to 8083
2026-09-26T09:17:06.484-03:00  INFO 8148 --- [ms-autenticacion] [           main] c.h.auth.MsAutenticacionApplication      : Started MsAutenticacionApplication in 2.178 seconds (process running for 2.446)
2026-09-26T09:17:06.491-03:00  INFO 8148 --- [ms-autenticacion] [nfoReplicator-0] com.netflix.discovery.DiscoveryClient    : DiscoveryClient_MS-AUTENTICACION/DROJAS.localdomain:ms-autenticacion:8083 - registration status: 204
2026-09-26T09:19:59.513-03:00  INFO 8148 --- [ms-autenticacion] [nio-8083-exec-1] o.a.c.c.C.[Tomcat].[localhost].[/]       : Initializing Spring DispatcherServlet 'dispatcherServlet'
2026-09-26T09:19:59.513-03:00  INFO 8148 --- [ms-autenticacion] [nio-8083-exec-1] o.s.web.servlet.DispatcherServlet        : Initializing Servlet 'dispatcherServlet'
2026-09-26T09:19:59.513-03:00  INFO 8148 --- [ms-autenticacion] [nio-8083-exec-1] o.s.web.servlet.DispatcherServlet        : Completed initialization in 0 ms
2026-09-26T09:19:59.614-03:00  INFO 8148 --- [ms-autenticacion] [nio-8083-exec-1] o.springdoc.api.AbstractOpenApiResource  : Init duration for springdoc-openapi is: 60 ms
2026-09-26T09:22:06.217-03:00  INFO 8148 --- [ms-autenticacion] [trap-executor-0] c.n.d.s.r.aws.ConfigClusterResolver      : Resolving eureka endpoints via configuration
2026-09-26T09:27:06.223-03:00  INFO 8148 --- [ms-autenticacion] [trap-executor-0] c.n.d.s.r.aws.ConfigClusterResolver      : Resolving eureka endpoints via configuration
2026-09-26T09:32:06.230-03:00  INFO 8148 --- [ms-autenticacion] [trap-executor-0] c.n.d.s.r.aws.ConfigClusterResolver      : Resolving eureka endpoints via configuration
^C¨Desea terminar el trabajo por lotes (S/N)? 