[INFO] Scanning for projects...
[INFO] 
[INFO] ---------------------< com.homefixer:ms-maestria >----------------------
[INFO] Building ms-maestria 1.0.0-SNAPSHOT
[INFO]   from pom.xml
[INFO] --------------------------------[ jar ]---------------------------------
[INFO] 
[INFO] >>> spring-boot:3.2.4:run (default-cli) > test-compile @ ms-maestria >>>
[INFO] 
[INFO] --- resources:3.3.1:resources (default-resources) @ ms-maestria ---
[WARNING] Using platform encoding (UTF-8 actually) to copy filtered resources, i.e. build is platform dependent!
[INFO] Copying 1 resource from src\main\resources to target\classes
[INFO] 
[INFO] --- compiler:3.13.0:compile (default-compile) @ ms-maestria ---
[INFO] Nothing to compile - all classes are up to date.
[INFO] 
[INFO] --- resources:3.3.1:testResources (default-testResources) @ ms-maestria ---
[WARNING] Using platform encoding (UTF-8 actually) to copy filtered resources, i.e. build is platform dependent!
[INFO] skip non existing resourceDirectory C:\Users\Pc Tester\Desktop\6to\cloud.native\homefixer\ms-maestria\src\test\resources
[INFO] 
[INFO] --- compiler:3.13.0:testCompile (default-testCompile) @ ms-maestria ---
[INFO] No sources to compile
[INFO] 
[INFO] <<< spring-boot:3.2.4:run (default-cli) < test-compile @ ms-maestria <<<
[INFO] 
[INFO] 
[INFO] --- spring-boot:3.2.4:run (default-cli) @ ms-maestria ---
[INFO] Attaching agents: []

  .   ____          _            __ _ _
 /\\ / ___'_ __ _ _(_)_ __  __ _ \ \ \ \
( ( )\___ | '_ | '_| | '_ \/ _` | \ \ \ \
 \\/  ___)| |_)| | | | | || (_| |  ) ) ) )
  '  |____| .__|_| |_|_| |_\__, | / / / /
 =========|_|==============|___/=/_/_/_/
 :: Spring Boot ::                (v3.2.4)

2026-09-26T09:35:36.830-03:00  INFO 28624 --- [ms-maestria] [           main] c.h.maestria.MsMaestriaApplication       : Starting MsMaestriaApplication using Java 21.0.12 with PID 28624 (C:\Users\Pc Tester\Desktop\6to\cloud.native\homefixer\ms-maestria\target\classes started by drojas in C:\Users\Pc Tester\Desktop\6to\cloud.native\homefixer\ms-maestria)
2026-09-26T09:35:36.832-03:00  INFO 28624 --- [ms-maestria] [           main] c.h.maestria.MsMaestriaApplication       : No active profile set, falling back to 1 default profile: "default"
2026-09-26T09:35:37.378-03:00  INFO 28624 --- [ms-maestria] [           main] .s.d.r.c.RepositoryConfigurationDelegate : Bootstrapping Spring Data JPA repositories in DEFAULT mode.
2026-09-26T09:35:37.485-03:00  INFO 28624 --- [ms-maestria] [           main] .s.d.r.c.RepositoryConfigurationDelegate : Finished Spring Data repository scanning in 96 ms. Found 2 JPA repository interfaces.
2026-09-26T09:35:37.631-03:00  INFO 28624 --- [ms-maestria] [           main] o.s.cloud.context.scope.GenericScope     : BeanFactory id=c16f0e05-e607-3d6c-80ab-d76402083305
2026-09-26T09:35:37.714-03:00  WARN 28624 --- [ms-maestria] [           main] trationDelegate$BeanPostProcessorChecker : Bean 'org.springframework.cloud.client.loadbalancer.LoadBalancerAutoConfiguration$DeferringLoadBalancerInterceptorConfig' of type [org.springframework.cloud.client.loadbalancer.LoadBalancerAutoConfiguration$DeferringLoadBalancerInterceptorConfig] is not eligible for getting processed by all BeanPostProcessors (for example: not eligible for auto-proxying). The currently created BeanPostProcessor [lbRestClientPostProcessor] is declared through a non-static factory method on that class; consider declaring it as static instead.
2026-09-26T09:35:37.714-03:00  WARN 28624 --- [ms-maestria] [           main] trationDelegate$BeanPostProcessorChecker : Bean 'deferringLoadBalancerInterceptor' of type [org.springframework.cloud.client.loadbalancer.DeferringLoadBalancerInterceptor] is not eligible for getting processed by all BeanPostProcessors (for example: not eligible for auto-proxying). Is this bean getting eagerly injected into a currently created BeanPostProcessor [lbRestClientPostProcessor]? Check the corresponding BeanPostProcessor declaration and its dependencies.
2026-09-26T09:35:37.913-03:00  INFO 28624 --- [ms-maestria] [           main] o.s.b.w.embedded.tomcat.TomcatWebServer  : Tomcat initialized with port 8084 (http)
2026-09-26T09:35:37.921-03:00  INFO 28624 --- [ms-maestria] [           main] o.apache.catalina.core.StandardService   : Starting service [Tomcat]
2026-09-26T09:35:37.921-03:00  INFO 28624 --- [ms-maestria] [           main] o.apache.catalina.core.StandardEngine    : Starting Servlet engine: [Apache Tomcat/10.1.19]
2026-09-26T09:35:37.973-03:00  INFO 28624 --- [ms-maestria] [           main] o.a.c.c.C.[Tomcat].[localhost].[/]       : Initializing Spring embedded WebApplicationContext
2026-09-26T09:35:37.974-03:00  INFO 28624 --- [ms-maestria] [           main] w.s.c.ServletWebServerApplicationContext : Root WebApplicationContext: initialization completed in 1078 ms
2026-09-26T09:35:38.087-03:00  INFO 28624 --- [ms-maestria] [           main] o.hibernate.jpa.internal.util.LogHelper  : HHH000204: Processing PersistenceUnitInfo [name: default]
2026-09-26T09:35:38.116-03:00  INFO 28624 --- [ms-maestria] [           main] org.hibernate.Version                    : HHH000412: Hibernate ORM core version 6.4.4.Final
2026-09-26T09:35:38.148-03:00  INFO 28624 --- [ms-maestria] [           main] o.h.c.internal.RegionFactoryInitiator    : HHH000026: Second-level cache disabled
2026-09-26T09:35:38.299-03:00  INFO 28624 --- [ms-maestria] [           main] o.s.o.j.p.SpringPersistenceUnitInfo      : No LoadTimeWeaver setup: ignoring JPA class transformer
2026-09-26T09:35:38.314-03:00  INFO 28624 --- [ms-maestria] [           main] com.zaxxer.hikari.HikariDataSource       : HikariPool-1 - Starting...
2026-09-26T09:35:40.403-03:00  INFO 28624 --- [ms-maestria] [           main] com.zaxxer.hikari.pool.HikariPool        : HikariPool-1 - Added connection org.postgresql.jdbc.PgConnection@29f8134
2026-09-26T09:35:40.403-03:00  INFO 28624 --- [ms-maestria] [           main] com.zaxxer.hikari.HikariDataSource       : HikariPool-1 - Start completed.
2026-09-26T09:35:40.606-03:00  WARN 28624 --- [ms-maestria] [           main] org.hibernate.orm.deprecation            : HHH90000025: PostgreSQLDialect does not need to be specified explicitly using 'hibernate.dialect' (remove the property setting and it will be selected by default)
2026-09-26T09:35:41.548-03:00  INFO 28624 --- [ms-maestria] [           main] o.h.e.t.j.p.i.JtaPlatformInitiator       : HHH000489: No JTA platform available (set 'hibernate.transaction.jta.platform' to enable JTA platform integration)
2026-09-26T09:35:42.286-03:00  INFO 28624 --- [ms-maestria] [           main] j.LocalContainerEntityManagerFactoryBean : Initialized JPA EntityManagerFactory for persistence unit 'default'
2026-09-26T09:35:42.606-03:00  WARN 28624 --- [ms-maestria] [           main] JpaBaseConfiguration$JpaWebConfiguration : spring.jpa.open-in-view is enabled by default. Therefore, database queries may be performed during view rendering. Explicitly configure spring.jpa.open-in-view to disable this warning
2026-09-26T09:35:42.999-03:00  INFO 28624 --- [ms-maestria] [           main] DiscoveryClientOptionalArgsConfiguration : Eureka HTTP Client uses RestTemplate.
2026-09-26T09:35:43.030-03:00  WARN 28624 --- [ms-maestria] [           main] iguration$LoadBalancerCaffeineWarnLogger : Spring Cloud LoadBalancer is currently working with the default cache. While this cache implementation is useful for development and tests, it's recommended to use Caffeine cache in production.You can switch to using Caffeine cache, by adding it and org.springframework.cache.caffeine.CaffeineCacheManager to the classpath.
2026-09-26T09:35:43.050-03:00  INFO 28624 --- [ms-maestria] [           main] o.s.c.n.eureka.InstanceInfoFactory       : Setting initial instance status as: STARTING
2026-09-26T09:35:43.122-03:00  INFO 28624 --- [ms-maestria] [           main] com.netflix.discovery.DiscoveryClient    : Initializing Eureka in region us-east-1
2026-09-26T09:35:43.122-03:00  INFO 28624 --- [ms-maestria] [           main] c.n.d.s.r.aws.ConfigClusterResolver      : Resolving eureka endpoints via configuration
2026-09-26T09:35:43.139-03:00  INFO 28624 --- [ms-maestria] [           main] com.netflix.discovery.DiscoveryClient    : Disable delta property : false
2026-09-26T09:35:43.139-03:00  INFO 28624 --- [ms-maestria] [           main] com.netflix.discovery.DiscoveryClient    : Single vip registry refresh property : null
2026-09-26T09:35:43.139-03:00  INFO 28624 --- [ms-maestria] [           main] com.netflix.discovery.DiscoveryClient    : Force full registry fetch : false
2026-09-26T09:35:43.139-03:00  INFO 28624 --- [ms-maestria] [           main] com.netflix.discovery.DiscoveryClient    : Application is null : false
2026-09-26T09:35:43.139-03:00  INFO 28624 --- [ms-maestria] [           main] com.netflix.discovery.DiscoveryClient    : Registered Applications size is zero : true
2026-09-26T09:35:43.139-03:00  INFO 28624 --- [ms-maestria] [           main] com.netflix.discovery.DiscoveryClient    : Application version is -1: true
2026-09-26T09:35:43.139-03:00  INFO 28624 --- [ms-maestria] [           main] com.netflix.discovery.DiscoveryClient    : Getting all instance registry info from the eureka server
2026-09-26T09:35:43.370-03:00  INFO 28624 --- [ms-maestria] [           main] com.netflix.discovery.DiscoveryClient    : The response status is 200
2026-09-26T09:35:43.370-03:00  INFO 28624 --- [ms-maestria] [           main] com.netflix.discovery.DiscoveryClient    : Starting heartbeat executor: renew interval is: 30
2026-09-26T09:35:43.370-03:00  INFO 28624 --- [ms-maestria] [           main] c.n.discovery.InstanceInfoReplicator     : InstanceInfoReplicator onDemand update allowed rate per min is 4
2026-09-26T09:35:43.378-03:00  INFO 28624 --- [ms-maestria] [           main] com.netflix.discovery.DiscoveryClient    : Discovery Client initialized at timestamp 1790426143370 with initial instances count: 6
2026-09-26T09:35:43.378-03:00  INFO 28624 --- [ms-maestria] [           main] o.s.c.n.e.s.EurekaServiceRegistry        : Registering application MS-MAESTRIA with eureka with status UP
2026-09-26T09:35:43.378-03:00  INFO 28624 --- [ms-maestria] [           main] com.netflix.discovery.DiscoveryClient    : Saw local status change event StatusChangeEvent [timestamp=1790426143378, current=UP, previous=STARTING]
2026-09-26T09:35:43.378-03:00  INFO 28624 --- [ms-maestria] [nfoReplicator-0] com.netflix.discovery.DiscoveryClient    : DiscoveryClient_MS-MAESTRIA/DROJAS.localdomain:ms-maestria:8084: registering service...
2026-09-26T09:35:43.394-03:00  INFO 28624 --- [ms-maestria] [           main] o.s.b.w.embedded.tomcat.TomcatWebServer  : Tomcat started on port 8084 (http) with context path ''
2026-09-26T09:35:43.394-03:00  INFO 28624 --- [ms-maestria] [           main] .s.c.n.e.s.EurekaAutoServiceRegistration : Updating port to 8084
2026-09-26T09:35:43.401-03:00  INFO 28624 --- [ms-maestria] [           main] c.h.maestria.MsMaestriaApplication       : Started MsMaestriaApplication in 6.954 seconds (process running for 7.252)
2026-09-26T09:35:43.409-03:00  INFO 28624 --- [ms-maestria] [nfoReplicator-0] com.netflix.discovery.DiscoveryClient    : DiscoveryClient_MS-MAESTRIA/DROJAS.localdomain:ms-maestria:8084 - registration status: 204
2026-09-26T09:40:43.151-03:00  INFO 28624 --- [ms-maestria] [trap-executor-0] c.n.d.s.r.aws.ConfigClusterResolver      : Resolving eureka endpoints via configuration
2026-09-26T09:45:43.158-03:00  INFO 28624 --- [ms-maestria] [trap-executor-0] c.n.d.s.r.aws.ConfigClusterResolver      : Resolving eureka endpoints via configuration
2026-09-26T09:50:43.177-03:00  INFO 28624 --- [ms-maestria] [trap-executor-0] c.n.d.s.r.aws.ConfigClusterResolver      : Resolving eureka endpoints via configuration
2026-09-26T09:55:43.179-03:00  INFO 28624 --- [ms-maestria] [trap-executor-0] c.n.d.s.r.aws.ConfigClusterResolver      : Resolving eureka endpoints via configuration
2026-09-26T10:00:43.181-03:00  INFO 28624 --- [ms-maestria] [trap-executor-0] c.n.d.s.r.aws.ConfigClusterResolver      : Resolving eureka endpoints via configuration
^C