[INFO] Scanning for projects...
[INFO] 
[INFO] -------------------< com.homefixer:ms-notificacion >--------------------
[INFO] Building ms-notificacion 1.0.0-SNAPSHOT
[INFO]   from pom.xml
[INFO] --------------------------------[ jar ]---------------------------------
[INFO] 
[INFO] >>> spring-boot:3.2.4:run (default-cli) > test-compile @ ms-notificacion >>>
[INFO] 
[INFO] --- resources:3.3.1:resources (default-resources) @ ms-notificacion ---
[WARNING] Using platform encoding (UTF-8 actually) to copy filtered resources, i.e. build is platform dependent!
[INFO] Copying 1 resource from src\main\resources to target\classes
[INFO] 
[INFO] --- compiler:3.13.0:compile (default-compile) @ ms-notificacion ---
[INFO] Nothing to compile - all classes are up to date.
[INFO] 
[INFO] --- resources:3.3.1:testResources (default-testResources) @ ms-notificacion ---
[WARNING] Using platform encoding (UTF-8 actually) to copy filtered resources, i.e. build is platform dependent!
[INFO] skip non existing resourceDirectory C:\Users\Pc Tester\Desktop\6to\cloud.native\homefixer\ms-notificacion\src\test\resources
[INFO] 
[INFO] --- compiler:3.13.0:testCompile (default-testCompile) @ ms-notificacion ---
[INFO] No sources to compile
[INFO] 
[INFO] <<< spring-boot:3.2.4:run (default-cli) < test-compile @ ms-notificacion <<<
[INFO] 
[INFO] 
[INFO] --- spring-boot:3.2.4:run (default-cli) @ ms-notificacion ---
[INFO] Attaching agents: []

  .   ____          _            __ _ _
 /\\ / ___'_ __ _ _(_)_ __  __ _ \ \ \ \
( ( )\___ | '_ | '_| | '_ \/ _` | \ \ \ \
 \\/  ___)| |_)| | | | | || (_| |  ) ) ) )
  '  |____| .__|_| |_|_| |_\__, | / / / /
 =========|_|==============|___/=/_/_/_/
 :: Spring Boot ::                (v3.2.4)

2026-09-26T10:07:57.683-03:00  INFO 12408 --- [ms-notificacion] [           main] c.h.n.MsNotificacionApplication          : Starting MsNotificacionApplication using Java 21.0.12 with PID 12408 (C:\Users\Pc Tester\Desktop\6to\cloud.native\homefixer\ms-notificacion\target\classes started by drojas in C:\Users\Pc Tester\Desktop\6to\cloud.native\homefixer\ms-notificacion)
2026-09-26T10:07:57.685-03:00  INFO 12408 --- [ms-notificacion] [           main] c.h.n.MsNotificacionApplication          : No active profile set, falling back to 1 default profile: "default"
2026-09-26T10:07:58.351-03:00  INFO 12408 --- [ms-notificacion] [           main] o.s.cloud.context.scope.GenericScope     : BeanFactory id=451a0100-fa3f-3889-bd98-c237c6dc4840
2026-09-26T10:07:58.387-03:00  WARN 12408 --- [ms-notificacion] [           main] trationDelegate$BeanPostProcessorChecker : Bean 'org.springframework.cloud.client.loadbalancer.LoadBalancerAutoConfiguration$DeferringLoadBalancerInterceptorConfig' of type [org.springframework.cloud.client.loadbalancer.LoadBalancerAutoConfiguration$DeferringLoadBalancerInterceptorConfig] is not eligible for getting processed by all BeanPostProcessors (for example: not eligible for auto-proxying). The currently created BeanPostProcessor [lbRestClientPostProcessor] is declared through a non-static factory method on that class; consider declaring it as static instead.
2026-09-26T10:07:58.390-03:00  WARN 12408 --- [ms-notificacion] [           main] trationDelegate$BeanPostProcessorChecker : Bean 'deferringLoadBalancerInterceptor' of type [org.springframework.cloud.client.loadbalancer.DeferringLoadBalancerInterceptor] is not eligible for getting processed by all BeanPostProcessors (for example: not eligible for auto-proxying). Is this bean getting eagerly injected into a currently created BeanPostProcessor [lbRestClientPostProcessor]? Check the corresponding BeanPostProcessor declaration and its dependencies.
2026-09-26T10:07:58.581-03:00  INFO 12408 --- [ms-notificacion] [           main] o.s.b.w.embedded.tomcat.TomcatWebServer  : Tomcat initialized with port 8086 (http)
2026-09-26T10:07:58.597-03:00  INFO 12408 --- [ms-notificacion] [           main] o.apache.catalina.core.StandardService   : Starting service [Tomcat]
2026-09-26T10:07:58.597-03:00  INFO 12408 --- [ms-notificacion] [           main] o.apache.catalina.core.StandardEngine    : Starting Servlet engine: [Apache Tomcat/10.1.19]
2026-09-26T10:07:58.646-03:00  INFO 12408 --- [ms-notificacion] [           main] o.a.c.c.C.[Tomcat].[localhost].[/]       : Initializing Spring embedded WebApplicationContext
2026-09-26T10:07:58.647-03:00  INFO 12408 --- [ms-notificacion] [           main] w.s.c.ServletWebServerApplicationContext : Root WebApplicationContext: initialization completed in 917 ms
2026-09-26T10:07:59.363-03:00  INFO 12408 --- [ms-notificacion] [           main] DiscoveryClientOptionalArgsConfiguration : Eureka HTTP Client uses RestTemplate.
2026-09-26T10:07:59.395-03:00  WARN 12408 --- [ms-notificacion] [           main] iguration$LoadBalancerCaffeineWarnLogger : Spring Cloud LoadBalancer is currently working with the default cache. While this cache implementation is useful for development and tests, it's recommended to use Caffeine cache in production.You can switch to using Caffeine cache, by adding it and org.springframework.cache.caffeine.CaffeineCacheManager to the classpath.
2026-09-26T10:07:59.427-03:00  INFO 12408 --- [ms-notificacion] [           main] o.s.c.n.eureka.InstanceInfoFactory       : Setting initial instance status as: STARTING
2026-09-26T10:07:59.493-03:00  INFO 12408 --- [ms-notificacion] [           main] com.netflix.discovery.DiscoveryClient    : Initializing Eureka in region us-east-1
2026-09-26T10:07:59.496-03:00  INFO 12408 --- [ms-notificacion] [           main] c.n.d.s.r.aws.ConfigClusterResolver      : Resolving eureka endpoints via configuration
2026-09-26T10:07:59.512-03:00  INFO 12408 --- [ms-notificacion] [           main] com.netflix.discovery.DiscoveryClient    : Disable delta property : false
2026-09-26T10:07:59.512-03:00  INFO 12408 --- [ms-notificacion] [           main] com.netflix.discovery.DiscoveryClient    : Single vip registry refresh property : null
2026-09-26T10:07:59.512-03:00  INFO 12408 --- [ms-notificacion] [           main] com.netflix.discovery.DiscoveryClient    : Force full registry fetch : false
2026-09-26T10:07:59.512-03:00  INFO 12408 --- [ms-notificacion] [           main] com.netflix.discovery.DiscoveryClient    : Application is null : false
2026-09-26T10:07:59.512-03:00  INFO 12408 --- [ms-notificacion] [           main] com.netflix.discovery.DiscoveryClient    : Registered Applications size is zero : true
2026-09-26T10:07:59.512-03:00  INFO 12408 --- [ms-notificacion] [           main] com.netflix.discovery.DiscoveryClient    : Application version is -1: true
2026-09-26T10:07:59.512-03:00  INFO 12408 --- [ms-notificacion] [           main] com.netflix.discovery.DiscoveryClient    : Getting all instance registry info from the eureka server
2026-09-26T10:07:59.703-03:00  INFO 12408 --- [ms-notificacion] [           main] com.netflix.discovery.DiscoveryClient    : The response status is 200
2026-09-26T10:07:59.704-03:00  INFO 12408 --- [ms-notificacion] [           main] com.netflix.discovery.DiscoveryClient    : Starting heartbeat executor: renew interval is: 30
2026-09-26T10:07:59.707-03:00  INFO 12408 --- [ms-notificacion] [           main] c.n.discovery.InstanceInfoReplicator     : InstanceInfoReplicator onDemand update allowed rate per min is 4
2026-09-26T10:07:59.710-03:00  INFO 12408 --- [ms-notificacion] [           main] com.netflix.discovery.DiscoveryClient    : Discovery Client initialized at timestamp 1790428079709 with initial instances count: 6
2026-09-26T10:07:59.711-03:00  INFO 12408 --- [ms-notificacion] [           main] o.s.c.n.e.s.EurekaServiceRegistry        : Registering application MS-NOTIFICACION with eureka with status UP
2026-09-26T10:07:59.711-03:00  INFO 12408 --- [ms-notificacion] [           main] com.netflix.discovery.DiscoveryClient    : Saw local status change event StatusChangeEvent [timestamp=1790428079711, current=UP, previous=STARTING]
2026-09-26T10:07:59.712-03:00  INFO 12408 --- [ms-notificacion] [nfoReplicator-0] com.netflix.discovery.DiscoveryClient    : DiscoveryClient_MS-NOTIFICACION/DROJAS.localdomain:ms-notificacion:8086: registering service...
2026-09-26T10:07:59.725-03:00  INFO 12408 --- [ms-notificacion] [           main] o.s.b.w.embedded.tomcat.TomcatWebServer  : Tomcat started on port 8086 (http) with context path ''
2026-09-26T10:07:59.726-03:00  INFO 12408 --- [ms-notificacion] [           main] .s.c.n.e.s.EurekaAutoServiceRegistration : Updating port to 8086
2026-09-26T10:07:59.730-03:00  INFO 12408 --- [ms-notificacion] [           main] o.s.a.r.c.CachingConnectionFactory       : Attempting to connect to: [localhost:5672]
2026-09-26T10:07:59.740-03:00  INFO 12408 --- [ms-notificacion] [nfoReplicator-0] com.netflix.discovery.DiscoveryClient    : DiscoveryClient_MS-NOTIFICACION/DROJAS.localdomain:ms-notificacion:8086 - registration status: 204
2026-09-26T10:07:59.764-03:00  INFO 12408 --- [ms-notificacion] [           main] o.s.a.r.c.CachingConnectionFactory       : Created new connection: rabbitConnectionFactory#2b9aeedb:0/SimpleConnection@23e86863 [delegate=amqp://guest@127.0.0.1:5672/, localPort=59177]
2026-09-26T10:07:59.809-03:00  INFO 12408 --- [ms-notificacion] [           main] c.h.n.MsNotificacionApplication          : Started MsNotificacionApplication in 2.434 seconds (process running for 2.691)
2026-09-26T10:10:30.882-03:00  INFO 12408 --- [ms-notificacion] [ntContainer#0-1] c.h.n.l.NotificacionEventListener        : Mensaje recibido de RabbitMQ para la solicitud ID: 3
2026-09-26T10:10:30.882-03:00  INFO 12408 --- [ms-notificacion] [ntContainer#0-1] c.h.n.l.NotificacionEventListener        : Procesando evento de tipo [NUEVA_SOLICITUD] - Mensaje: Sin sistema eléctrico, salió olor a quemado
2026-09-26T10:10:31.888-03:00  INFO 12408 --- [ms-notificacion] [ntContainer#0-1] c.h.n.l.NotificacionEventListener        : Notificación procesada exitosamente para Cliente ID: 101
^C