[INFO] Scanning for projects...
[INFO] 
[INFO] --------------------< com.homefixer:ms-promociones >--------------------
[INFO] Building ms-promociones 1.0.0-SNAPSHOT
[INFO]   from pom.xml
[INFO] --------------------------------[ jar ]---------------------------------
[INFO] 
[INFO] >>> spring-boot:3.2.4:run (default-cli) > test-compile @ ms-promociones >>>
[INFO] 
[INFO] --- resources:3.3.1:resources (default-resources) @ ms-promociones ---
[WARNING] Using platform encoding (UTF-8 actually) to copy filtered resources, i.e. build is platform dependent!
[INFO] Copying 1 resource from src\main\resources to target\classes
[INFO] 
[INFO] --- compiler:3.13.0:compile (default-compile) @ ms-promociones ---
[INFO] Nothing to compile - all classes are up to date.
[INFO] 
[INFO] --- resources:3.3.1:testResources (default-testResources) @ ms-promociones ---
[WARNING] Using platform encoding (UTF-8 actually) to copy filtered resources, i.e. build is platform dependent!
[INFO] skip non existing resourceDirectory C:\Users\Pc Tester\Desktop\6to\cloud.native\homefixer\ms-promociones\src\test\resources
[INFO] 
[INFO] --- compiler:3.13.0:testCompile (default-testCompile) @ ms-promociones ---
[INFO] No sources to compile
[INFO] 
[INFO] <<< spring-boot:3.2.4:run (default-cli) < test-compile @ ms-promociones <<<
[INFO] 
[INFO] 
[INFO] --- spring-boot:3.2.4:run (default-cli) @ ms-promociones ---
[INFO] Attaching agents: []

  .   ____          _            __ _ _
 /\\ / ___'_ __ _ _(_)_ __  __ _ \ \ \ \
( ( )\___ | '_ | '_| | '_ \/ _` | \ \ \ \
 \\/  ___)| |_)| | | | | || (_| |  ) ) ) )
  '  |____| .__|_| |_|_| |_\__, | / / / /
 =========|_|==============|___/=/_/_/_/
 :: Spring Boot ::                (v3.2.4)

2026-09-23T20:32:05.532-03:00  INFO 33484 --- [ms-promociones] [           main] c.h.p.MsPromocionesApplication           : Starting MsPromocionesApplication using Java 21.0.12 with PID 33484 (C:\Users\Pc Tester\Desktop\6to\cloud.native\homefixer\ms-promociones\target\classes started by drojas in C:\Users\Pc Tester\Desktop\6to\cloud.native\homefixer\ms-promociones)
2026-09-23T20:32:05.532-03:00  INFO 33484 --- [ms-promociones] [           main] c.h.p.MsPromocionesApplication           : No active profile set, falling back to 1 default profile: "default"
2026-09-23T20:32:06.065-03:00  INFO 33484 --- [ms-promociones] [           main] o.s.cloud.context.scope.GenericScope     : BeanFactory id=b479a15b-2da8-3487-81e3-37a98c17c093
2026-09-23T20:32:06.093-03:00  WARN 33484 --- [ms-promociones] [           main] trationDelegate$BeanPostProcessorChecker : Bean 'org.springframework.cloud.client.loadbalancer.LoadBalancerAutoConfiguration$DeferringLoadBalancerInterceptorConfig' of type [org.springframework.cloud.client.loadbalancer.LoadBalancerAutoConfiguration$DeferringLoadBalancerInterceptorConfig] is not eligible for getting processed by all BeanPostProcessors (for example: not eligible for auto-proxying). The currently created BeanPostProcessor [lbRestClientPostProcessor] is declared through a non-static factory method on that class; consider declaring it as static instead.
2026-09-23T20:32:06.093-03:00  WARN 33484 --- [ms-promociones] [           main] trationDelegate$BeanPostProcessorChecker : Bean 'deferringLoadBalancerInterceptor' of type [org.springframework.cloud.client.loadbalancer.DeferringLoadBalancerInterceptor] is not eligible for getting processed by all BeanPostProcessors (for example: not eligible for auto-proxying). Is this bean getting eagerly injected into a currently created BeanPostProcessor [lbRestClientPostProcessor]? Check the corresponding BeanPostProcessor declaration and its dependencies.
2026-09-23T20:32:06.296-03:00  INFO 33484 --- [ms-promociones] [           main] o.s.b.w.embedded.tomcat.TomcatWebServer  : Tomcat initialized with port 8089 (http)
2026-09-23T20:32:06.306-03:00  INFO 33484 --- [ms-promociones] [           main] o.apache.catalina.core.StandardService   : Starting service [Tomcat]
2026-09-23T20:32:06.306-03:00  INFO 33484 --- [ms-promociones] [           main] o.apache.catalina.core.StandardEngine    : Starting Servlet engine: [Apache Tomcat/10.1.19]
2026-09-23T20:32:06.349-03:00  INFO 33484 --- [ms-promociones] [           main] o.a.c.c.C.[Tomcat].[localhost].[/]       : Initializing Spring embedded WebApplicationContext
2026-09-23T20:32:06.349-03:00  INFO 33484 --- [ms-promociones] [           main] w.s.c.ServletWebServerApplicationContext : Root WebApplicationContext: initialization completed in 768 ms
2026-09-23T20:32:06.865-03:00  INFO 33484 --- [ms-promociones] [           main] DiscoveryClientOptionalArgsConfiguration : Eureka HTTP Client uses RestTemplate.
2026-09-23T20:32:06.898-03:00  WARN 33484 --- [ms-promociones] [           main] iguration$LoadBalancerCaffeineWarnLogger : Spring Cloud LoadBalancer is currently working with the default cache. While this cache implementation is useful for development and tests, it's recommended to use Caffeine cache in production.You can switch to using Caffeine cache, by adding it and org.springframework.cache.caffeine.CaffeineCacheManager to the classpath.
2026-09-23T20:32:06.914-03:00  INFO 33484 --- [ms-promociones] [           main] o.s.c.n.eureka.InstanceInfoFactory       : Setting initial instance status as: STARTING
2026-09-23T20:32:06.984-03:00  INFO 33484 --- [ms-promociones] [           main] com.netflix.discovery.DiscoveryClient    : Initializing Eureka in region us-east-1
2026-09-23T20:32:06.984-03:00  INFO 33484 --- [ms-promociones] [           main] c.n.d.s.r.aws.ConfigClusterResolver      : Resolving eureka endpoints via configuration
2026-09-23T20:32:06.992-03:00  INFO 33484 --- [ms-promociones] [           main] com.netflix.discovery.DiscoveryClient    : Disable delta property : false
2026-09-23T20:32:06.992-03:00  INFO 33484 --- [ms-promociones] [           main] com.netflix.discovery.DiscoveryClient    : Single vip registry refresh property : null
2026-09-23T20:32:06.992-03:00  INFO 33484 --- [ms-promociones] [           main] com.netflix.discovery.DiscoveryClient    : Force full registry fetch : false
2026-09-23T20:32:06.992-03:00  INFO 33484 --- [ms-promociones] [           main] com.netflix.discovery.DiscoveryClient    : Application is null : false
2026-09-23T20:32:06.992-03:00  INFO 33484 --- [ms-promociones] [           main] com.netflix.discovery.DiscoveryClient    : Registered Applications size is zero : true
2026-09-23T20:32:06.992-03:00  INFO 33484 --- [ms-promociones] [           main] com.netflix.discovery.DiscoveryClient    : Application version is -1: true
2026-09-23T20:32:06.992-03:00  INFO 33484 --- [ms-promociones] [           main] com.netflix.discovery.DiscoveryClient    : Getting all instance registry info from the eureka server
2026-09-23T20:32:07.251-03:00  INFO 33484 --- [ms-promociones] [           main] com.netflix.discovery.DiscoveryClient    : The response status is 200
2026-09-23T20:32:07.253-03:00  INFO 33484 --- [ms-promociones] [           main] com.netflix.discovery.DiscoveryClient    : Starting heartbeat executor: renew interval is: 30
2026-09-23T20:32:07.253-03:00  INFO 33484 --- [ms-promociones] [           main] c.n.discovery.InstanceInfoReplicator     : InstanceInfoReplicator onDemand update allowed rate per min is 4
2026-09-23T20:32:07.253-03:00  INFO 33484 --- [ms-promociones] [           main] com.netflix.discovery.DiscoveryClient    : Discovery Client initialized at timestamp 1790206327253 with initial instances count: 8
2026-09-23T20:32:07.253-03:00  INFO 33484 --- [ms-promociones] [           main] o.s.c.n.e.s.EurekaServiceRegistry        : Registering application MS-PROMOCIONES with eureka with status UP
2026-09-23T20:32:07.253-03:00  INFO 33484 --- [ms-promociones] [           main] com.netflix.discovery.DiscoveryClient    : Saw local status change event StatusChangeEvent [timestamp=1790206327253, current=UP, previous=STARTING]
2026-09-23T20:32:07.253-03:00  INFO 33484 --- [ms-promociones] [nfoReplicator-0] com.netflix.discovery.DiscoveryClient    : DiscoveryClient_MS-PROMOCIONES/DROJAS.localdomain:ms-promociones:8089: registering service...
2026-09-23T20:32:07.279-03:00  INFO 33484 --- [ms-promociones] [           main] o.s.b.w.embedded.tomcat.TomcatWebServer  : Tomcat started on port 8089 (http) with context path ''
2026-09-23T20:32:07.279-03:00  INFO 33484 --- [ms-promociones] [           main] .s.c.n.e.s.EurekaAutoServiceRegistration : Updating port to 8089
2026-09-23T20:32:07.288-03:00  INFO 33484 --- [ms-promociones] [           main] c.h.p.MsPromocionesApplication           : Started MsPromocionesApplication in 2.08 seconds (process running for 2.336)
2026-09-23T20:32:07.288-03:00  INFO 33484 --- [ms-promociones] [nfoReplicator-0] com.netflix.discovery.DiscoveryClient    : DiscoveryClient_MS-PROMOCIONES/DROJAS.localdomain:ms-promociones:8089 - registration status: 204
