[INFO] Scanning for projects...
[INFO] 
[INFO] ---------------------< com.homefixer:ms-reportes >----------------------
[INFO] Building ms-reportes 1.0.0-SNAPSHOT
[INFO]   from pom.xml
[INFO] --------------------------------[ jar ]---------------------------------
[INFO] 
[INFO] >>> spring-boot:3.2.4:run (default-cli) > test-compile @ ms-reportes >>>
[INFO] 
[INFO] --- resources:3.3.1:resources (default-resources) @ ms-reportes ---
[WARNING] Using platform encoding (UTF-8 actually) to copy filtered resources, i.e. build is platform dependent!
[INFO] Copying 1 resource from src\main\resources to target\classes
[INFO] 
[INFO] --- compiler:3.13.0:compile (default-compile) @ ms-reportes ---
[INFO] Nothing to compile - all classes are up to date.
[INFO] 
[INFO] --- resources:3.3.1:testResources (default-testResources) @ ms-reportes ---
[WARNING] Using platform encoding (UTF-8 actually) to copy filtered resources, i.e. build is platform dependent!
[INFO] skip non existing resourceDirectory C:\Users\Pc Tester\Desktop\6to\cloud.native\homefixer\ms-reportes\src\test\resources
[INFO] 
[INFO] --- compiler:3.13.0:testCompile (default-testCompile) @ ms-reportes ---
[INFO] No sources to compile
[INFO] 
[INFO] <<< spring-boot:3.2.4:run (default-cli) < test-compile @ ms-reportes <<<
[INFO] 
[INFO] 
[INFO] --- spring-boot:3.2.4:run (default-cli) @ ms-reportes ---
[INFO] Attaching agents: []

  .   ____          _            __ _ _
 /\\ / ___'_ __ _ _(_)_ __  __ _ \ \ \ \
( ( )\___ | '_ | '_| | '_ \/ _` | \ \ \ \
 \\/  ___)| |_)| | | | | || (_| |  ) ) ) )
  '  |____| .__|_| |_|_| |_\__, | / / / /
 =========|_|==============|___/=/_/_/_/
 :: Spring Boot ::                (v3.2.4)

2026-09-07T14:48:17.948-03:00  INFO 11768 --- [ms-reportes] [           main] c.h.reportes.MsReportesApplication       : Starting MsReportesApplication using Java 21.0.12 with PID 11768 (C:\Users\Pc Tester\Desktop\6to\cloud.native\homefixer\ms-reportes\target\classes started by drojas in C:\Users\Pc Tester\Desktop\6to\cloud.native\homefixer\ms-reportes)
2026-09-07T14:48:17.950-03:00  INFO 11768 --- [ms-reportes] [           main] c.h.reportes.MsReportesApplication       : No active profile set, falling back to 1 default profile: "default"
2026-09-07T14:48:18.516-03:00  INFO 11768 --- [ms-reportes] [           main] o.s.cloud.context.scope.GenericScope     : BeanFactory id=8def7bb7-9c3a-3cb2-aef7-42014bd1362a
2026-09-07T14:48:18.545-03:00  WARN 11768 --- [ms-reportes] [           main] trationDelegate$BeanPostProcessorChecker : Bean 'org.springframework.cloud.client.loadbalancer.LoadBalancerAutoConfiguration$DeferringLoadBalancerInterceptorConfig' of type [org.springframework.cloud.client.loadbalancer.LoadBalancerAutoConfiguration$DeferringLoadBalancerInterceptorConfig] is not eligible for getting processed by all BeanPostProcessors (for example: not eligible for auto-proxying). The currently created BeanPostProcessor [lbRestClientPostProcessor] is declared through a non-static factory method on that class; consider declaring it as static instead.
2026-09-07T14:48:18.548-03:00  WARN 11768 --- [ms-reportes] [           main] trationDelegate$BeanPostProcessorChecker : Bean 'deferringLoadBalancerInterceptor' of type [org.springframework.cloud.client.loadbalancer.DeferringLoadBalancerInterceptor] is not eligible for getting processed by all BeanPostProcessors (for example: not eligible for auto-proxying). Is this bean getting eagerly injected into a currently created BeanPostProcessor [lbRestClientPostProcessor]? Check the corresponding BeanPostProcessor declaration and its dependencies.
2026-09-07T14:48:18.734-03:00  INFO 11768 --- [ms-reportes] [           main] o.s.b.w.embedded.tomcat.TomcatWebServer  : Tomcat initialized with port 8090 (http)
2026-09-07T14:48:18.745-03:00  INFO 11768 --- [ms-reportes] [           main] o.apache.catalina.core.StandardService   : Starting service [Tomcat]
2026-09-07T14:48:18.745-03:00  INFO 11768 --- [ms-reportes] [           main] o.apache.catalina.core.StandardEngine    : Starting Servlet engine: [Apache Tomcat/10.1.19]
2026-09-07T14:48:18.792-03:00  INFO 11768 --- [ms-reportes] [           main] o.a.c.c.C.[Tomcat].[localhost].[/]       : Initializing Spring embedded WebApplicationContext
2026-09-07T14:48:18.793-03:00  INFO 11768 --- [ms-reportes] [           main] w.s.c.ServletWebServerApplicationContext : Root WebApplicationContext: initialization completed in 797 ms
2026-09-07T14:48:19.330-03:00  INFO 11768 --- [ms-reportes] [           main] DiscoveryClientOptionalArgsConfiguration : Eureka HTTP Client uses RestTemplate.
2026-09-07T14:48:19.364-03:00  WARN 11768 --- [ms-reportes] [           main] iguration$LoadBalancerCaffeineWarnLogger : Spring Cloud LoadBalancer is currently working with the default cache. While this cache implementation is useful for development and tests, it's recommended to use Caffeine cache in production.You can switch to using Caffeine cache, by adding it and org.springframework.cache.caffeine.CaffeineCacheManager to the classpath.
2026-09-07T14:48:19.380-03:00  INFO 11768 --- [ms-reportes] [           main] o.s.c.n.eureka.InstanceInfoFactory       : Setting initial instance status as: STARTING
2026-09-07T14:48:19.452-03:00  INFO 11768 --- [ms-reportes] [           main] com.netflix.discovery.DiscoveryClient    : Initializing Eureka in region us-east-1
2026-09-07T14:48:19.461-03:00  INFO 11768 --- [ms-reportes] [           main] c.n.d.s.r.aws.ConfigClusterResolver      : Resolving eureka endpoints via configuration
2026-09-07T14:48:19.480-03:00  INFO 11768 --- [ms-reportes] [           main] com.netflix.discovery.DiscoveryClient    : Disable delta property : false
2026-09-07T14:48:19.480-03:00  INFO 11768 --- [ms-reportes] [           main] com.netflix.discovery.DiscoveryClient    : Single vip registry refresh property : null
2026-09-07T14:48:19.480-03:00  INFO 11768 --- [ms-reportes] [           main] com.netflix.discovery.DiscoveryClient    : Force full registry fetch : false
2026-09-07T14:48:19.480-03:00  INFO 11768 --- [ms-reportes] [           main] com.netflix.discovery.DiscoveryClient    : Application is null : false
2026-09-07T14:48:19.480-03:00  INFO 11768 --- [ms-reportes] [           main] com.netflix.discovery.DiscoveryClient    : Registered Applications size is zero : true
2026-09-07T14:48:19.480-03:00  INFO 11768 --- [ms-reportes] [           main] com.netflix.discovery.DiscoveryClient    : Application version is -1: true
2026-09-07T14:48:19.480-03:00  INFO 11768 --- [ms-reportes] [           main] com.netflix.discovery.DiscoveryClient    : Getting all instance registry info from the eureka server
2026-09-07T14:48:19.731-03:00  INFO 11768 --- [ms-reportes] [           main] com.netflix.discovery.DiscoveryClient    : The response status is 200
2026-09-07T14:48:19.733-03:00  INFO 11768 --- [ms-reportes] [           main] com.netflix.discovery.DiscoveryClient    : Starting heartbeat executor: renew interval is: 30
2026-09-07T14:48:19.734-03:00  INFO 11768 --- [ms-reportes] [           main] c.n.discovery.InstanceInfoReplicator     : InstanceInfoReplicator onDemand update allowed rate per min is 4
2026-09-07T14:48:19.740-03:00  INFO 11768 --- [ms-reportes] [           main] com.netflix.discovery.DiscoveryClient    : Discovery Client initialized at timestamp 1788803299739 with initial instances count: 7
2026-09-07T14:48:19.741-03:00  INFO 11768 --- [ms-reportes] [           main] o.s.c.n.e.s.EurekaServiceRegistry        : Registering application MS-REPORTES with eureka with status UP
2026-09-07T14:48:19.742-03:00  INFO 11768 --- [ms-reportes] [           main] com.netflix.discovery.DiscoveryClient    : Saw local status change event StatusChangeEvent [timestamp=1788803299742, current=UP, previous=STARTING]
2026-09-07T14:48:19.743-03:00  INFO 11768 --- [ms-reportes] [nfoReplicator-0] com.netflix.discovery.DiscoveryClient    : DiscoveryClient_MS-REPORTES/DROJAS.localdomain:ms-reportes:8090: registering service...
2026-09-07T14:48:19.757-03:00  INFO 11768 --- [ms-reportes] [           main] o.s.b.w.embedded.tomcat.TomcatWebServer  : Tomcat started on port 8090 (http) with context path ''
2026-09-07T14:48:19.758-03:00  INFO 11768 --- [ms-reportes] [           main] .s.c.n.e.s.EurekaAutoServiceRegistration : Updating port to 8090
2026-09-07T14:48:19.766-03:00  INFO 11768 --- [ms-reportes] [           main] c.h.reportes.MsReportesApplication       : Started MsReportesApplication in 2.162 seconds (process running for 2.457)
2026-09-07T14:48:19.772-03:00  INFO 11768 --- [ms-reportes] [nfoReplicator-0] com.netflix.discovery.DiscoveryClient    : DiscoveryClient_MS-REPORTES/DROJAS.localdomain:ms-reportes:8090 - registration status: 204
^C