[INFO] Scanning for projects...
[INFO] 
[INFO] ---------------------< com.homefixer:ms-usuarios >----------------------
[INFO] Building ms-usuarios 1.0.0-SNAPSHOT
[INFO]   from pom.xml
[INFO] --------------------------------[ jar ]---------------------------------
[INFO] 
[INFO] >>> spring-boot:3.2.4:run (default-cli) > test-compile @ ms-usuarios >>>
[INFO] 
[INFO] --- resources:3.3.1:resources (default-resources) @ ms-usuarios ---
[WARNING] Using platform encoding (UTF-8 actually) to copy filtered resources, i.e. build is platform dependent!
[INFO] Copying 1 resource from src\main\resources to target\classes
[INFO] 
[INFO] --- compiler:3.13.0:compile (default-compile) @ ms-usuarios ---
[INFO] Nothing to compile - all classes are up to date.
[INFO] 
[INFO] --- resources:3.3.1:testResources (default-testResources) @ ms-usuarios ---
[WARNING] Using platform encoding (UTF-8 actually) to copy filtered resources, i.e. build is platform dependent!
[INFO] skip non existing resourceDirectory C:\Users\Pc Tester\Desktop\6to\cloud.native\homefixer\ms-usuarios\src\test\resources
[INFO] 
[INFO] --- compiler:3.13.0:testCompile (default-testCompile) @ ms-usuarios ---
[INFO] No sources to compile
[INFO] 
[INFO] <<< spring-boot:3.2.4:run (default-cli) < test-compile @ ms-usuarios <<<
[INFO] 
[INFO] 
[INFO] --- spring-boot:3.2.4:run (default-cli) @ ms-usuarios ---
[INFO] Attaching agents: []

  .   ____          _            __ _ _
 /\\ / ___'_ __ _ _(_)_ __  __ _ \ \ \ \
( ( )\___ | '_ | '_| | '_ \/ _` | \ \ \ \
 \\/  ___)| |_)| | | | | || (_| |  ) ) ) )
  '  |____| .__|_| |_|_| |_\__, | / / / /
 =========|_|==============|___/=/_/_/_/
 :: Spring Boot ::                (v3.2.4)

2026-09-07T14:46:59.714-03:00  INFO 27764 --- [ms-usuarios] [           main] c.h.usuarios.MsUsuariosApplication       : Starting MsUsuariosApplication using Java 21.0.12 with PID 27764 (C:\Users\Pc Tester\Desktop\6to\cloud.native\homefixer\ms-usuarios\target\classes started by drojas in C:\Users\Pc Tester\Desktop\6to\cloud.native\homefixer\ms-usuarios)
2026-09-07T14:46:59.716-03:00  INFO 27764 --- [ms-usuarios] [           main] c.h.usuarios.MsUsuariosApplication       : No active profile set, falling back to 1 default profile: "default"
2026-09-07T14:47:00.219-03:00  INFO 27764 --- [ms-usuarios] [           main] .s.d.r.c.RepositoryConfigurationDelegate : Bootstrapping Spring Data JPA repositories in DEFAULT mode.
2026-09-07T14:47:00.316-03:00  INFO 27764 --- [ms-usuarios] [           main] .s.d.r.c.RepositoryConfigurationDelegate : Finished Spring Data repository scanning in 91 ms. Found 3 JPA repository interfaces.
2026-09-07T14:47:00.449-03:00  INFO 27764 --- [ms-usuarios] [           main] o.s.cloud.context.scope.GenericScope     : BeanFactory id=cee19437-3f46-3cc0-b395-bb3b538d1740
2026-09-07T14:47:00.535-03:00  WARN 27764 --- [ms-usuarios] [           main] trationDelegate$BeanPostProcessorChecker : Bean 'org.springframework.cloud.client.loadbalancer.LoadBalancerAutoConfiguration$DeferringLoadBalancerInterceptorConfig' of type [org.springframework.cloud.client.loadbalancer.LoadBalancerAutoConfiguration$DeferringLoadBalancerInterceptorConfig] is not eligible for getting processed by all BeanPostProcessors (for example: not eligible for auto-proxying). The currently created BeanPostProcessor [lbRestClientPostProcessor] is declared through a non-static factory method on that class; consider declaring it as static instead.
2026-09-07T14:47:00.537-03:00  WARN 27764 --- [ms-usuarios] [           main] trationDelegate$BeanPostProcessorChecker : Bean 'deferringLoadBalancerInterceptor' of type [org.springframework.cloud.client.loadbalancer.DeferringLoadBalancerInterceptor] is not eligible for getting processed by all BeanPostProcessors (for example: not eligible for auto-proxying). Is this bean getting eagerly injected into a currently created BeanPostProcessor [lbRestClientPostProcessor]? Check the corresponding BeanPostProcessor declaration and its dependencies.
2026-09-07T14:47:00.720-03:00  INFO 27764 --- [ms-usuarios] [           main] o.s.b.w.embedded.tomcat.TomcatWebServer  : Tomcat initialized with port 8081 (http)
2026-09-07T14:47:00.729-03:00  INFO 27764 --- [ms-usuarios] [           main] o.apache.catalina.core.StandardService   : Starting service [Tomcat]
2026-09-07T14:47:00.729-03:00  INFO 27764 --- [ms-usuarios] [           main] o.apache.catalina.core.StandardEngine    : Starting Servlet engine: [Apache Tomcat/10.1.19]
2026-09-07T14:47:00.777-03:00  INFO 27764 --- [ms-usuarios] [           main] o.a.c.c.C.[Tomcat].[localhost].[/]       : Initializing Spring embedded WebApplicationContext
2026-09-07T14:47:00.778-03:00  INFO 27764 --- [ms-usuarios] [           main] w.s.c.ServletWebServerApplicationContext : Root WebApplicationContext: initialization completed in 1022 ms
2026-09-07T14:47:00.896-03:00  INFO 27764 --- [ms-usuarios] [           main] o.hibernate.jpa.internal.util.LogHelper  : HHH000204: Processing PersistenceUnitInfo [name: default]
2026-09-07T14:47:00.937-03:00  INFO 27764 --- [ms-usuarios] [           main] org.hibernate.Version                    : HHH000412: Hibernate ORM core version 6.4.4.Final
2026-09-07T14:47:00.962-03:00  INFO 27764 --- [ms-usuarios] [           main] o.h.c.internal.RegionFactoryInitiator    : HHH000026: Second-level cache disabled
2026-09-07T14:47:01.112-03:00  INFO 27764 --- [ms-usuarios] [           main] o.s.o.j.p.SpringPersistenceUnitInfo      : No LoadTimeWeaver setup: ignoring JPA class transformer
2026-09-07T14:47:01.131-03:00  INFO 27764 --- [ms-usuarios] [           main] com.zaxxer.hikari.HikariDataSource       : HikariPool-1 - Starting...
2026-09-07T14:47:03.227-03:00  INFO 27764 --- [ms-usuarios] [           main] com.zaxxer.hikari.pool.HikariPool        : HikariPool-1 - Added connection org.postgresql.jdbc.PgConnection@30e2016a
2026-09-07T14:47:03.228-03:00  INFO 27764 --- [ms-usuarios] [           main] com.zaxxer.hikari.HikariDataSource       : HikariPool-1 - Start completed.
2026-09-07T14:47:03.422-03:00  WARN 27764 --- [ms-usuarios] [           main] org.hibernate.orm.deprecation            : HHH90000025: PostgreSQLDialect does not need to be specified explicitly using 'hibernate.dialect' (remove the property setting and it will be selected by default)
2026-09-07T14:47:04.324-03:00  INFO 27764 --- [ms-usuarios] [           main] o.h.e.t.j.p.i.JtaPlatformInitiator       : HHH000489: No JTA platform available (set 'hibernate.transaction.jta.platform' to enable JTA platform integration)
2026-09-07T14:47:06.861-03:00  INFO 27764 --- [ms-usuarios] [           main] j.LocalContainerEntityManagerFactoryBean : Initialized JPA EntityManagerFactory for persistence unit 'default'
2026-09-07T14:47:07.195-03:00  WARN 27764 --- [ms-usuarios] [           main] JpaBaseConfiguration$JpaWebConfiguration : spring.jpa.open-in-view is enabled by default. Therefore, database queries may be performed during view rendering. Explicitly configure spring.jpa.open-in-view to disable this warning
2026-09-07T14:47:07.576-03:00  INFO 27764 --- [ms-usuarios] [           main] DiscoveryClientOptionalArgsConfiguration : Eureka HTTP Client uses RestTemplate.
2026-09-07T14:47:07.615-03:00  WARN 27764 --- [ms-usuarios] [           main] iguration$LoadBalancerCaffeineWarnLogger : Spring Cloud LoadBalancer is currently working with the default cache. While this cache implementation is useful for development and tests, it's recommended to use Caffeine cache in production.You can switch to using Caffeine cache, by adding it and org.springframework.cache.caffeine.CaffeineCacheManager to the classpath.
2026-09-07T14:47:07.638-03:00  INFO 27764 --- [ms-usuarios] [           main] o.s.c.n.eureka.InstanceInfoFactory       : Setting initial instance status as: STARTING
2026-09-07T14:47:07.723-03:00  INFO 27764 --- [ms-usuarios] [           main] com.netflix.discovery.DiscoveryClient    : Initializing Eureka in region us-east-1
2026-09-07T14:47:07.726-03:00  INFO 27764 --- [ms-usuarios] [           main] c.n.d.s.r.aws.ConfigClusterResolver      : Resolving eureka endpoints via configuration
2026-09-07T14:47:07.740-03:00  INFO 27764 --- [ms-usuarios] [           main] com.netflix.discovery.DiscoveryClient    : Disable delta property : false
2026-09-07T14:47:07.740-03:00  INFO 27764 --- [ms-usuarios] [           main] com.netflix.discovery.DiscoveryClient    : Single vip registry refresh property : null
2026-09-07T14:47:07.740-03:00  INFO 27764 --- [ms-usuarios] [           main] com.netflix.discovery.DiscoveryClient    : Force full registry fetch : false
2026-09-07T14:47:07.740-03:00  INFO 27764 --- [ms-usuarios] [           main] com.netflix.discovery.DiscoveryClient    : Application is null : false
2026-09-07T14:47:07.740-03:00  INFO 27764 --- [ms-usuarios] [           main] com.netflix.discovery.DiscoveryClient    : Registered Applications size is zero : true
2026-09-07T14:47:07.740-03:00  INFO 27764 --- [ms-usuarios] [           main] com.netflix.discovery.DiscoveryClient    : Application version is -1: true
2026-09-07T14:47:07.740-03:00  INFO 27764 --- [ms-usuarios] [           main] com.netflix.discovery.DiscoveryClient    : Getting all instance registry info from the eureka server
2026-09-07T14:47:07.958-03:00  INFO 27764 --- [ms-usuarios] [           main] com.netflix.discovery.DiscoveryClient    : The response status is 200
2026-09-07T14:47:07.959-03:00  INFO 27764 --- [ms-usuarios] [           main] com.netflix.discovery.DiscoveryClient    : Starting heartbeat executor: renew interval is: 30
2026-09-07T14:47:07.961-03:00  INFO 27764 --- [ms-usuarios] [           main] c.n.discovery.InstanceInfoReplicator     : InstanceInfoReplicator onDemand update allowed rate per min is 4
2026-09-07T14:47:07.964-03:00  INFO 27764 --- [ms-usuarios] [           main] com.netflix.discovery.DiscoveryClient    : Discovery Client initialized at timestamp 1788803227963 with initial instances count: 1
2026-09-07T14:47:07.966-03:00  INFO 27764 --- [ms-usuarios] [           main] o.s.c.n.e.s.EurekaServiceRegistry        : Registering application MS-USUARIOS with eureka with status UP
2026-09-07T14:47:07.967-03:00  INFO 27764 --- [ms-usuarios] [           main] com.netflix.discovery.DiscoveryClient    : Saw local status change event StatusChangeEvent [timestamp=1788803227967, current=UP, previous=STARTING]
2026-09-07T14:47:07.968-03:00  INFO 27764 --- [ms-usuarios] [nfoReplicator-0] com.netflix.discovery.DiscoveryClient    : DiscoveryClient_MS-USUARIOS/DROJAS.localdomain:ms-usuarios:8081: registering service...
2026-09-07T14:47:07.983-03:00  INFO 27764 --- [ms-usuarios] [           main] o.s.b.w.embedded.tomcat.TomcatWebServer  : Tomcat started on port 8081 (http) with context path ''
2026-09-07T14:47:07.983-03:00  INFO 27764 --- [ms-usuarios] [           main] .s.c.n.e.s.EurekaAutoServiceRegistration : Updating port to 8081
2026-09-07T14:47:07.994-03:00  INFO 27764 --- [ms-usuarios] [           main] c.h.usuarios.MsUsuariosApplication       : Started MsUsuariosApplication in 8.57 seconds (process running for 8.838)
2026-09-07T14:47:07.999-03:00  INFO 27764 --- [ms-usuarios] [nfoReplicator-0] com.netflix.discovery.DiscoveryClient    : DiscoveryClient_MS-USUARIOS/DROJAS.localdomain:ms-usuarios:8081 - registration status: 204
2026-09-07T14:48:52.851-03:00  INFO 27764 --- [ms-usuarios] [nio-8081-exec-1] o.a.c.c.C.[Tomcat].[localhost].[/]       : Initializing Spring DispatcherServlet 'dispatcherServlet'
2026-09-07T14:48:52.851-03:00  INFO 27764 --- [ms-usuarios] [nio-8081-exec-1] o.s.web.servlet.DispatcherServlet        : Initializing Servlet 'dispatcherServlet'
2026-09-07T14:48:52.853-03:00  INFO 27764 --- [ms-usuarios] [nio-8081-exec-1] o.s.web.servlet.DispatcherServlet        : Completed initialization in 2 ms
2026-09-07T14:48:53.006-03:00  INFO 27764 --- [ms-usuarios] [nio-8081-exec-1] o.springdoc.api.AbstractOpenApiResource  : Init duration for springdoc-openapi is: 119 ms
Hibernate: select u1_0.id,case when u1_1.id is not null then 1 when u1_2.id is not null then 2 when u1_3.id is not null then 3 end,u1_0.email,u1_0.nombre,u1_0.password,u1_0.telefono,u1_3.calificacion_promedio,u1_3.nivel_reputacion,u1_3.validado from usuarios u1_0 left join administradores u1_1 on u1_0.id=u1_1.id left join clientes u1_2 on u1_0.id=u1_2.id left join tecnicos u1_3 on u1_0.id=u1_3.id
2026-09-07T14:52:07.748-03:00  INFO 27764 --- [ms-usuarios] [trap-executor-0] c.n.d.s.r.aws.ConfigClusterResolver      : Resolving eureka endpoints via configuration
^C