[INFO] Scanning for projects...
[INFO] 
[INFO] ---------------------< com.homefixer:ms-ubicacion >---------------------
[INFO] Building ms-ubicacion 1.0.0-SNAPSHOT
[INFO]   from pom.xml
[INFO] --------------------------------[ jar ]---------------------------------
[INFO] 
[INFO] >>> spring-boot:3.2.4:run (default-cli) > test-compile @ ms-ubicacion >>>
[INFO] 
[INFO] --- resources:3.3.1:resources (default-resources) @ ms-ubicacion ---
[WARNING] Using platform encoding (UTF-8 actually) to copy filtered resources, i.e. build is platform dependent!
[INFO] Copying 1 resource from src\main\resources to target\classes
[INFO] 
[INFO] --- compiler:3.13.0:compile (default-compile) @ ms-ubicacion ---
[INFO] Nothing to compile - all classes are up to date.
[INFO] 
[INFO] --- resources:3.3.1:testResources (default-testResources) @ ms-ubicacion ---
[WARNING] Using platform encoding (UTF-8 actually) to copy filtered resources, i.e. build is platform dependent!
[INFO] skip non existing resourceDirectory C:\Users\Pc Tester\Desktop\6to\cloud.native\homefixer\ms-ubicacion\src\test\resources
[INFO] 
[INFO] --- compiler:3.13.0:testCompile (default-testCompile) @ ms-ubicacion ---
[INFO] No sources to compile
[INFO] 
[INFO] <<< spring-boot:3.2.4:run (default-cli) < test-compile @ ms-ubicacion <<<
[INFO] 
[INFO] 
[INFO] --- spring-boot:3.2.4:run (default-cli) @ ms-ubicacion ---
[INFO] Attaching agents: []

  .   ____          _            __ _ _
 /\\ / ___'_ __ _ _(_)_ __  __ _ \ \ \ \
( ( )\___ | '_ | '_| | '_ \/ _` | \ \ \ \
 \\/  ___)| |_)| | | | | || (_| |  ) ) ) )
  '  |____| .__|_| |_|_| |_\__, | / / / /
 =========|_|==============|___/=/_/_/_/
 :: Spring Boot ::                (v3.2.4)

2026-09-26T09:17:22.613-03:00  INFO 31388 --- [ms-ubicacion] [           main] c.h.ubicacion.MsUbicacionApplication     : Starting MsUbicacionApplication using Java 21.0.12 with PID 31388 (C:\Users\Pc Tester\Desktop\6to\cloud.native\homefixer\ms-ubicacion\target\classes started by drojas in C:\Users\Pc Tester\Desktop\6to\cloud.native\homefixer\ms-ubicacion)
2026-09-26T09:17:22.615-03:00  INFO 31388 --- [ms-ubicacion] [           main] c.h.ubicacion.MsUbicacionApplication     : No active profile set, falling back to 1 default profile: "default"
2026-09-26T09:17:23.166-03:00  INFO 31388 --- [ms-ubicacion] [           main] o.s.cloud.context.scope.GenericScope     : BeanFactory id=cf780ad6-158a-3c78-9ac9-5a8f4a811842
2026-09-26T09:17:23.196-03:00  WARN 31388 --- [ms-ubicacion] [           main] trationDelegate$BeanPostProcessorChecker : Bean 'org.springframework.cloud.client.loadbalancer.LoadBalancerAutoConfiguration$DeferringLoadBalancerInterceptorConfig' of type [org.springframework.cloud.client.loadbalancer.LoadBalancerAutoConfiguration$DeferringLoadBalancerInterceptorConfig] is not eligible for getting processed by all BeanPostProcessors (for example: not eligible for auto-proxying). The currently created BeanPostProcessor [lbRestClientPostProcessor] is declared through a non-static factory method on that class; consider declaring it as static instead.
2026-09-26T09:17:23.200-03:00  WARN 31388 --- [ms-ubicacion] [           main] trationDelegate$BeanPostProcessorChecker : Bean 'deferringLoadBalancerInterceptor' of type [org.springframework.cloud.client.loadbalancer.DeferringLoadBalancerInterceptor] is not eligible for getting processed by all BeanPostProcessors (for example: not eligible for auto-proxying). Is this bean getting eagerly injected into a currently created BeanPostProcessor [lbRestClientPostProcessor]? Check the corresponding BeanPostProcessor declaration and its dependencies.
2026-09-26T09:17:23.397-03:00  INFO 31388 --- [ms-ubicacion] [           main] o.s.b.w.embedded.tomcat.TomcatWebServer  : Tomcat initialized with port 8085 (http)
2026-09-26T09:17:23.406-03:00  INFO 31388 --- [ms-ubicacion] [           main] o.apache.catalina.core.StandardService   : Starting service [Tomcat]
2026-09-26T09:17:23.406-03:00  INFO 31388 --- [ms-ubicacion] [           main] o.apache.catalina.core.StandardEngine    : Starting Servlet engine: [Apache Tomcat/10.1.19]
2026-09-26T09:17:23.456-03:00  INFO 31388 --- [ms-ubicacion] [           main] o.a.c.c.C.[Tomcat].[localhost].[/]       : Initializing Spring embedded WebApplicationContext
2026-09-26T09:17:23.457-03:00  INFO 31388 --- [ms-ubicacion] [           main] w.s.c.ServletWebServerApplicationContext : Root WebApplicationContext: initialization completed in 798 ms
2026-09-26T09:17:23.978-03:00  INFO 31388 --- [ms-ubicacion] [           main] DiscoveryClientOptionalArgsConfiguration : Eureka HTTP Client uses RestTemplate.
2026-09-26T09:17:24.009-03:00  WARN 31388 --- [ms-ubicacion] [           main] iguration$LoadBalancerCaffeineWarnLogger : Spring Cloud LoadBalancer is currently working with the default cache. While this cache implementation is useful for development and tests, it's recommended to use Caffeine cache in production.You can switch to using Caffeine cache, by adding it and org.springframework.cache.caffeine.CaffeineCacheManager to the classpath.
2026-09-26T09:17:24.026-03:00  INFO 31388 --- [ms-ubicacion] [           main] o.s.c.n.eureka.InstanceInfoFactory       : Setting initial instance status as: STARTING
2026-09-26T09:17:24.093-03:00  INFO 31388 --- [ms-ubicacion] [           main] com.netflix.discovery.DiscoveryClient    : Initializing Eureka in region us-east-1
2026-09-26T09:17:24.098-03:00  INFO 31388 --- [ms-ubicacion] [           main] c.n.d.s.r.aws.ConfigClusterResolver      : Resolving eureka endpoints via configuration
2026-09-26T09:17:24.112-03:00  INFO 31388 --- [ms-ubicacion] [           main] com.netflix.discovery.DiscoveryClient    : Disable delta property : false
2026-09-26T09:17:24.112-03:00  INFO 31388 --- [ms-ubicacion] [           main] com.netflix.discovery.DiscoveryClient    : Single vip registry refresh property : null
2026-09-26T09:17:24.112-03:00  INFO 31388 --- [ms-ubicacion] [           main] com.netflix.discovery.DiscoveryClient    : Force full registry fetch : false
2026-09-26T09:17:24.112-03:00  INFO 31388 --- [ms-ubicacion] [           main] com.netflix.discovery.DiscoveryClient    : Application is null : false
2026-09-26T09:17:24.112-03:00  INFO 31388 --- [ms-ubicacion] [           main] com.netflix.discovery.DiscoveryClient    : Registered Applications size is zero : true
2026-09-26T09:17:24.112-03:00  INFO 31388 --- [ms-ubicacion] [           main] com.netflix.discovery.DiscoveryClient    : Application version is -1: true
2026-09-26T09:17:24.112-03:00  INFO 31388 --- [ms-ubicacion] [           main] com.netflix.discovery.DiscoveryClient    : Getting all instance registry info from the eureka server
2026-09-26T09:17:24.347-03:00  INFO 31388 --- [ms-ubicacion] [           main] com.netflix.discovery.DiscoveryClient    : The response status is 200
2026-09-26T09:17:24.349-03:00  INFO 31388 --- [ms-ubicacion] [           main] com.netflix.discovery.DiscoveryClient    : Starting heartbeat executor: renew interval is: 30
2026-09-26T09:17:24.350-03:00  INFO 31388 --- [ms-ubicacion] [           main] c.n.discovery.InstanceInfoReplicator     : InstanceInfoReplicator onDemand update allowed rate per min is 4
2026-09-26T09:17:24.354-03:00  INFO 31388 --- [ms-ubicacion] [           main] com.netflix.discovery.DiscoveryClient    : Discovery Client initialized at timestamp 1790425044353 with initial instances count: 1
2026-09-26T09:17:24.355-03:00  INFO 31388 --- [ms-ubicacion] [           main] o.s.c.n.e.s.EurekaServiceRegistry        : Registering application MS-UBICACION with eureka with status UP
2026-09-26T09:17:24.356-03:00  INFO 31388 --- [ms-ubicacion] [           main] com.netflix.discovery.DiscoveryClient    : Saw local status change event StatusChangeEvent [timestamp=1790425044356, current=UP, previous=STARTING]
2026-09-26T09:17:24.357-03:00  INFO 31388 --- [ms-ubicacion] [nfoReplicator-0] com.netflix.discovery.DiscoveryClient    : DiscoveryClient_MS-UBICACION/DROJAS.localdomain:ms-ubicacion:8085: registering service...
2026-09-26T09:17:24.374-03:00  INFO 31388 --- [ms-ubicacion] [           main] o.s.b.w.embedded.tomcat.TomcatWebServer  : Tomcat started on port 8085 (http) with context path ''
2026-09-26T09:17:24.375-03:00  INFO 31388 --- [ms-ubicacion] [           main] .s.c.n.e.s.EurekaAutoServiceRegistration : Updating port to 8085
2026-09-26T09:17:24.382-03:00  INFO 31388 --- [ms-ubicacion] [           main] c.h.ubicacion.MsUbicacionApplication     : Started MsUbicacionApplication in 2.088 seconds (process running for 2.348)
2026-09-26T09:17:24.387-03:00  INFO 31388 --- [ms-ubicacion] [nfoReplicator-0] com.netflix.discovery.DiscoveryClient    : DiscoveryClient_MS-UBICACION/DROJAS.localdomain:ms-ubicacion:8085 - registration status: 204
2026-09-26T09:22:24.118-03:00  INFO 31388 --- [ms-ubicacion] [trap-executor-0] c.n.d.s.r.aws.ConfigClusterResolver      : Resolving eureka endpoints via configuration
2026-09-26T09:27:24.131-03:00  INFO 31388 --- [ms-ubicacion] [trap-executor-0] c.n.d.s.r.aws.ConfigClusterResolver      : Resolving eureka endpoints via configuration
2026-09-26T09:32:24.144-03:00  INFO 31388 --- [ms-ubicacion] [trap-executor-0] c.n.d.s.r.aws.ConfigClusterResolver      : Resolving eureka endpoints via configuration
^C