[INFO] Scanning for projects...
[INFO] 
[INFO] -------------------< com.homefixer:ms-valoraciones >--------------------
[INFO] Building ms-valoraciones 1.0.0-SNAPSHOT
[INFO]   from pom.xml
[INFO] --------------------------------[ jar ]---------------------------------
[INFO] 
[INFO] >>> spring-boot:3.2.4:run (default-cli) > test-compile @ ms-valoraciones >>>
[INFO] 
[INFO] --- resources:3.3.1:resources (default-resources) @ ms-valoraciones ---
[WARNING] Using platform encoding (UTF-8 actually) to copy filtered resources, i.e. build is platform dependent!
[INFO] Copying 1 resource from src\main\resources to target\classes
[INFO] 
[INFO] --- compiler:3.13.0:compile (default-compile) @ ms-valoraciones ---
[INFO] Nothing to compile - all classes are up to date.
[INFO] 
[INFO] --- resources:3.3.1:testResources (default-testResources) @ ms-valoraciones ---
[WARNING] Using platform encoding (UTF-8 actually) to copy filtered resources, i.e. build is platform dependent!
[INFO] skip non existing resourceDirectory C:\Users\Pc Tester\Desktop\6to\cloud.native\homefixer\ms-valoraciones\src\test\resources
[INFO] 
[INFO] --- compiler:3.13.0:testCompile (default-testCompile) @ ms-valoraciones ---
[INFO] No sources to compile
[INFO] 
[INFO] <<< spring-boot:3.2.4:run (default-cli) < test-compile @ ms-valoraciones <<<
[INFO] 
[INFO] 
[INFO] --- spring-boot:3.2.4:run (default-cli) @ ms-valoraciones ---
[INFO] Attaching agents: []

  .   ____          _            __ _ _
 /\\ / ___'_ __ _ _(_)_ __  __ _ \ \ \ \
( ( )\___ | '_ | '_| | '_ \/ _` | \ \ \ \
 \\/  ___)| |_)| | | | | || (_| |  ) ) ) )
  '  |____| .__|_| |_|_| |_\__, | / / / /
 =========|_|==============|___/=/_/_/_/
 :: Spring Boot ::                (v3.2.4)

2026-09-07T14:47:43.852-03:00  INFO 22548 --- [ms-valoraciones] [           main] c.h.v.MsValoracionesApplication          : Starting MsValoracionesApplication using Java 21.0.12 with PID 22548 (C:\Users\Pc Tester\Desktop\6to\cloud.native\homefixer\ms-valoraciones\target\classes started by drojas in C:\Users\Pc Tester\Desktop\6to\cloud.native\homefixer\ms-valoraciones)
2026-09-07T14:47:43.852-03:00  INFO 22548 --- [ms-valoraciones] [           main] c.h.v.MsValoracionesApplication          : No active profile set, falling back to 1 default profile: "default"
2026-09-07T14:47:44.360-03:00  INFO 22548 --- [ms-valoraciones] [           main] .s.d.r.c.RepositoryConfigurationDelegate : Bootstrapping Spring Data JPA repositories in DEFAULT mode.
2026-09-07T14:47:44.455-03:00  INFO 22548 --- [ms-valoraciones] [           main] .s.d.r.c.RepositoryConfigurationDelegate : Finished Spring Data repository scanning in 87 ms. Found 1 JPA repository interface.
2026-09-07T14:47:44.615-03:00  INFO 22548 --- [ms-valoraciones] [           main] o.s.cloud.context.scope.GenericScope     : BeanFactory id=25b45a0d-065f-33c7-aa5d-e990ced48182
2026-09-07T14:47:44.695-03:00  WARN 22548 --- [ms-valoraciones] [           main] trationDelegate$BeanPostProcessorChecker : Bean 'org.springframework.cloud.client.loadbalancer.LoadBalancerAutoConfiguration$DeferringLoadBalancerInterceptorConfig' of type [org.springframework.cloud.client.loadbalancer.LoadBalancerAutoConfiguration$DeferringLoadBalancerInterceptorConfig] is not eligible for getting processed by all BeanPostProcessors (for example: not eligible for auto-proxying). The currently created BeanPostProcessor [lbRestClientPostProcessor] is declared through a non-static factory method on that class; consider declaring it as static instead.
2026-09-07T14:47:44.702-03:00  WARN 22548 --- [ms-valoraciones] [           main] trationDelegate$BeanPostProcessorChecker : Bean 'deferringLoadBalancerInterceptor' of type [org.springframework.cloud.client.loadbalancer.DeferringLoadBalancerInterceptor] is not eligible for getting processed by all BeanPostProcessors (for example: not eligible for auto-proxying). Is this bean getting eagerly injected into a currently created BeanPostProcessor [lbRestClientPostProcessor]? Check the corresponding BeanPostProcessor declaration and its dependencies.
2026-09-07T14:47:44.889-03:00  INFO 22548 --- [ms-valoraciones] [           main] o.s.b.w.embedded.tomcat.TomcatWebServer  : Tomcat initialized with port 8088 (http)
2026-09-07T14:47:44.895-03:00  INFO 22548 --- [ms-valoraciones] [           main] o.apache.catalina.core.StandardService   : Starting service [Tomcat]
2026-09-07T14:47:44.895-03:00  INFO 22548 --- [ms-valoraciones] [           main] o.apache.catalina.core.StandardEngine    : Starting Servlet engine: [Apache Tomcat/10.1.19]
2026-09-07T14:47:44.946-03:00  INFO 22548 --- [ms-valoraciones] [           main] o.a.c.c.C.[Tomcat].[localhost].[/]       : Initializing Spring embedded WebApplicationContext
2026-09-07T14:47:44.946-03:00  INFO 22548 --- [ms-valoraciones] [           main] w.s.c.ServletWebServerApplicationContext : Root WebApplicationContext: initialization completed in 1046 ms
2026-09-07T14:47:45.061-03:00  INFO 22548 --- [ms-valoraciones] [           main] o.hibernate.jpa.internal.util.LogHelper  : HHH000204: Processing PersistenceUnitInfo [name: default]
2026-09-07T14:47:45.088-03:00  INFO 22548 --- [ms-valoraciones] [           main] org.hibernate.Version                    : HHH000412: Hibernate ORM core version 6.4.4.Final
2026-09-07T14:47:45.104-03:00  INFO 22548 --- [ms-valoraciones] [           main] o.h.c.internal.RegionFactoryInitiator    : HHH000026: Second-level cache disabled
2026-09-07T14:47:45.246-03:00  INFO 22548 --- [ms-valoraciones] [           main] o.s.o.j.p.SpringPersistenceUnitInfo      : No LoadTimeWeaver setup: ignoring JPA class transformer
2026-09-07T14:47:45.262-03:00  INFO 22548 --- [ms-valoraciones] [           main] com.zaxxer.hikari.HikariDataSource       : HikariPool-1 - Starting...
2026-09-07T14:47:47.147-03:00  INFO 22548 --- [ms-valoraciones] [           main] com.zaxxer.hikari.pool.HikariPool        : HikariPool-1 - Added connection org.postgresql.jdbc.PgConnection@6acb45c1
2026-09-07T14:47:47.147-03:00  INFO 22548 --- [ms-valoraciones] [           main] com.zaxxer.hikari.HikariDataSource       : HikariPool-1 - Start completed.
2026-09-07T14:47:47.337-03:00  WARN 22548 --- [ms-valoraciones] [           main] org.hibernate.orm.deprecation            : HHH90000025: PostgreSQLDialect does not need to be specified explicitly using 'hibernate.dialect' (remove the property setting and it will be selected by default)
2026-09-07T14:47:48.193-03:00  INFO 22548 --- [ms-valoraciones] [           main] o.h.e.t.j.p.i.JtaPlatformInitiator       : HHH000489: No JTA platform available (set 'hibernate.transaction.jta.platform' to enable JTA platform integration)
2026-09-07T14:47:48.886-03:00  INFO 22548 --- [ms-valoraciones] [           main] j.LocalContainerEntityManagerFactoryBean : Initialized JPA EntityManagerFactory for persistence unit 'default'
2026-09-07T14:47:49.226-03:00  WARN 22548 --- [ms-valoraciones] [           main] JpaBaseConfiguration$JpaWebConfiguration : spring.jpa.open-in-view is enabled by default. Therefore, database queries may be performed during view rendering. Explicitly configure spring.jpa.open-in-view to disable this warning
2026-09-07T14:47:49.283-03:00  INFO 22548 --- [ms-valoraciones] [           main] o.s.c.openfeign.FeignClientFactoryBean   : For 'ms-usuarios' URL not provided. Will try picking an instance via load-balancing.
2026-09-07T14:47:49.633-03:00  INFO 22548 --- [ms-valoraciones] [           main] DiscoveryClientOptionalArgsConfiguration : Eureka HTTP Client uses RestTemplate.
2026-09-07T14:47:49.651-03:00  WARN 22548 --- [ms-valoraciones] [           main] iguration$LoadBalancerCaffeineWarnLogger : Spring Cloud LoadBalancer is currently working with the default cache. While this cache implementation is useful for development and tests, it's recommended to use Caffeine cache in production.You can switch to using Caffeine cache, by adding it and org.springframework.cache.caffeine.CaffeineCacheManager to the classpath.
2026-09-07T14:47:49.665-03:00  INFO 22548 --- [ms-valoraciones] [           main] o.s.c.n.eureka.InstanceInfoFactory       : Setting initial instance status as: STARTING
2026-09-07T14:47:49.743-03:00  INFO 22548 --- [ms-valoraciones] [           main] com.netflix.discovery.DiscoveryClient    : Initializing Eureka in region us-east-1
2026-09-07T14:47:49.743-03:00  INFO 22548 --- [ms-valoraciones] [           main] c.n.d.s.r.aws.ConfigClusterResolver      : Resolving eureka endpoints via configuration
2026-09-07T14:47:49.759-03:00  INFO 22548 --- [ms-valoraciones] [           main] com.netflix.discovery.DiscoveryClient    : Disable delta property : false
2026-09-07T14:47:49.759-03:00  INFO 22548 --- [ms-valoraciones] [           main] com.netflix.discovery.DiscoveryClient    : Single vip registry refresh property : null
2026-09-07T14:47:49.759-03:00  INFO 22548 --- [ms-valoraciones] [           main] com.netflix.discovery.DiscoveryClient    : Force full registry fetch : false
2026-09-07T14:47:49.759-03:00  INFO 22548 --- [ms-valoraciones] [           main] com.netflix.discovery.DiscoveryClient    : Application is null : false
2026-09-07T14:47:49.759-03:00  INFO 22548 --- [ms-valoraciones] [           main] com.netflix.discovery.DiscoveryClient    : Registered Applications size is zero : true
2026-09-07T14:47:49.759-03:00  INFO 22548 --- [ms-valoraciones] [           main] com.netflix.discovery.DiscoveryClient    : Application version is -1: true
2026-09-07T14:47:49.759-03:00  INFO 22548 --- [ms-valoraciones] [           main] com.netflix.discovery.DiscoveryClient    : Getting all instance registry info from the eureka server
2026-09-07T14:47:49.954-03:00  INFO 22548 --- [ms-valoraciones] [           main] com.netflix.discovery.DiscoveryClient    : The response status is 200
2026-09-07T14:47:49.954-03:00  INFO 22548 --- [ms-valoraciones] [           main] com.netflix.discovery.DiscoveryClient    : Starting heartbeat executor: renew interval is: 30
2026-09-07T14:47:49.954-03:00  INFO 22548 --- [ms-valoraciones] [           main] c.n.discovery.InstanceInfoReplicator     : InstanceInfoReplicator onDemand update allowed rate per min is 4
2026-09-07T14:47:49.965-03:00  INFO 22548 --- [ms-valoraciones] [           main] com.netflix.discovery.DiscoveryClient    : Discovery Client initialized at timestamp 1788803269965 with initial instances count: 5
2026-09-07T14:47:49.965-03:00  INFO 22548 --- [ms-valoraciones] [           main] o.s.c.n.e.s.EurekaServiceRegistry        : Registering application MS-VALORACIONES with eureka with status UP
2026-09-07T14:47:49.965-03:00  INFO 22548 --- [ms-valoraciones] [           main] com.netflix.discovery.DiscoveryClient    : Saw local status change event StatusChangeEvent [timestamp=1788803269965, current=UP, previous=STARTING]
2026-09-07T14:47:49.965-03:00  INFO 22548 --- [ms-valoraciones] [nfoReplicator-0] com.netflix.discovery.DiscoveryClient    : DiscoveryClient_MS-VALORACIONES/DROJAS.localdomain:ms-valoraciones:8088: registering service...
2026-09-07T14:47:49.981-03:00  INFO 22548 --- [ms-valoraciones] [           main] o.s.b.w.embedded.tomcat.TomcatWebServer  : Tomcat started on port 8088 (http) with context path ''
2026-09-07T14:47:49.981-03:00  INFO 22548 --- [ms-valoraciones] [           main] .s.c.n.e.s.EurekaAutoServiceRegistration : Updating port to 8088
2026-09-07T14:47:49.981-03:00  INFO 22548 --- [ms-valoraciones] [           main] c.h.v.MsValoracionesApplication          : Started MsValoracionesApplication in 6.452 seconds (process running for 6.733)
2026-09-07T14:47:49.997-03:00  INFO 22548 --- [ms-valoraciones] [nfoReplicator-0] com.netflix.discovery.DiscoveryClient    : DiscoveryClient_MS-VALORACIONES/DROJAS.localdomain:ms-valoraciones:8088 - registration status: 204
2026-09-07T14:52:49.771-03:00  INFO 22548 --- [ms-valoraciones] [trap-executor-0] c.n.d.s.r.aws.ConfigClusterResolver      : Resolving eureka endpoints via configuration
^C